Renesas Optimizing Linker (W3.03.00 )             19-Aug-2021 15:15:11

*** Options ***

-subcommand=DefaultBuild\Test24T.clnk
-library=DefaultBuild\Test24T.lib
-input=DefaultBuild\Test24T.obj
-input=DefaultBuild\Config_CMT0.obj
-input=DefaultBuild\Config_CMT0_user.obj
-input=DefaultBuild\Config_ICU.obj
-input=DefaultBuild\Config_ICU_user.obj
-input=DefaultBuild\Config_MTU0.obj
-input=DefaultBuild\Config_MTU0_user.obj
-input=DefaultBuild\Config_MTU1.obj
-input=DefaultBuild\Config_MTU1_user.obj
-input=DefaultBuild\Config_MTU3_MTU4.obj
-input=DefaultBuild\Config_MTU3_MTU4_user.obj
-input=DefaultBuild\Config_MTU6_MTU7.obj
-input=DefaultBuild\Config_MTU6_MTU7_user.obj
-input=DefaultBuild\Config_PORT.obj
-input=DefaultBuild\Config_PORT_user.obj
-input=DefaultBuild\Config_S12AD0.obj
-input=DefaultBuild\Config_S12AD0_user.obj
-input=DefaultBuild\Config_S12AD1.obj
-input=DefaultBuild\Config_S12AD1_user.obj
-input=DefaultBuild\Config_S12AD2.obj
-input=DefaultBuild\Config_S12AD2_user.obj
-input=DefaultBuild\Config_SCI1.obj
-input=DefaultBuild\Config_SCI1_user.obj
-input=DefaultBuild\Config_TMR0.obj
-input=DefaultBuild\Config_TMR0_user.obj
-input=DefaultBuild\r_cg_hardware_setup.obj
-input=DefaultBuild\r_smc_cgc.obj
-input=DefaultBuild\r_smc_cgc_user.obj
-input=DefaultBuild\r_smc_interrupt.obj
-input=DefaultBuild\hwsetup.obj
-input=DefaultBuild\dbsct.obj
-input=DefaultBuild\lowlvl.obj
-input=DefaultBuild\lowsrc.obj
-input=DefaultBuild\mcu_locks.obj
-input=DefaultBuild\resetprg.obj
-input=DefaultBuild\r_bsp_common.obj
-input=DefaultBuild\r_bsp_cpu.obj
-input=DefaultBuild\r_bsp_interrupts.obj
-input=DefaultBuild\r_bsp_locking.obj
-input=DefaultBuild\r_bsp_mcu_startup.obj
-input=DefaultBuild\r_bsp_software_interrupt.obj
-input=DefaultBuild\r_rx_intrinsic_functions.obj
-input=DefaultBuild\sbrk.obj
-input=DefaultBuild\mcu_clocks.obj
-input=DefaultBuild\mcu_init.obj
-input=DefaultBuild\mcu_interrupts.obj
-input=DefaultBuild\vecttbl.obj
-input=DefaultBuild\Pin.obj
-input=DefaultBuild\Config_IWDT.obj
-input=DefaultBuild\Config_IWDT_user.obj
-noprelink
-output=DefaultBuild\Test24T.abs
-vect=_undefined_interrupt_source_isr
-list=DefaultBuild\Test24T.map
-nooptimize
-start=SU,SI,B_1,R_1,B_2,R_2,B,R/4,C_1,C_2,C,C$*,D*,W*,L,P*/FFFC0000,EXCEPTVECT/FFFFFF80,RESETVECT/FFFFFFFC
-rom=D=R,D_1=R_1,D_2=R_2
-nologo
-end

*** Error information ***

*** Mapping List ***

SECTION                            START      END         SIZE   ALIGN
SU
                                  00000004  00000403       400   4
SI
                                  00000404  00000603       200   4
B_1
                                  00000604  0000062f        2c   1
R_1
                                  00000630  0000067f        50   1
B_2
                                  00000680  0000068f        10   2
R_2
                                  00000690  00000690         0   1
B
                                  00000690  00000cab       61c   4
R
                                  00000cac  00000da3        f8   4
C_1
                                  fffc0000  fffc0000         0   1
C_2
                                  fffc0000  fffc0007         8   2
C
                                  fffc0008  fffc007f        78   4
C$DSEC
                                  fffc0080  fffc00a3        24   4
C$BSEC
                                  fffc00a4  fffc00bb        18   4
C$VECT
                                  fffc00bc  fffc04bb       400   4
D
                                  fffc04bc  fffc05b3        f8   4
D_1
                                  fffc05b4  fffc0603        50   1
D_2
                                  fffc0604  fffc0604         0   1
W
                                  fffc0604  fffc0604         0   4
W_1
                                  fffc0604  fffc0632        2f   1
W_2
                                  fffc0634  fffc0634         0   2
L
                                  fffc0634  fffc0679        46   4
P
                                  fffc067a  fffc2588      1f0f   1
EXCEPTVECT
                                  ffffff80  fffffffb        7c   4
RESETVECT
                                  fffffffc  ffffffff         4   4
