Renesas Optimizing Linker (W3.03.00 )             23-Jun-2022 08:39:25

*** Options ***

-subcommand=DefaultBuild\Test24T_real.clnk
-library=DefaultBuild\Test24T_real.lib
-input=DefaultBuild\main.obj
-input=DefaultBuild\hwsetup.obj
-input=DefaultBuild\dbsct.obj
-input=DefaultBuild\lowlvl.obj
-input=DefaultBuild\lowsrc.obj
-input=DefaultBuild\mcu_locks.obj
-input=DefaultBuild\resetprg.obj
-input=DefaultBuild\r_bsp_common.obj
-input=DefaultBuild\r_bsp_cpu.obj
-input=DefaultBuild\r_bsp_interrupts.obj
-input=DefaultBuild\r_bsp_locking.obj
-input=DefaultBuild\r_bsp_mcu_startup.obj
-input=DefaultBuild\r_bsp_software_interrupt.obj
-input=DefaultBuild\r_rx_intrinsic_functions.obj
-input=DefaultBuild\sbrk.obj
-input=DefaultBuild\mcu_clocks.obj
-input=DefaultBuild\mcu_init.obj
-input=DefaultBuild\mcu_interrupts.obj
-input=DefaultBuild\vecttbl.obj
-input=DefaultBuild\Pin.obj
-input=DefaultBuild\init.obj
-input=DefaultBuild\Isr.obj
-input=DefaultBuild\InverterControl.obj
-input=DefaultBuild\Sensing.obj
-input=DefaultBuild\Uart.obj
-input=DefaultBuild\FanControl.obj
-input=DefaultBuild\ErrorControl.obj
-input=DefaultBuild\PWMControl.obj
-input=DefaultBuild\Timer.obj
-input=DefaultBuild\globalvalue.obj
-noprelink
-output=DefaultBuild\Test24T_real.abs
-vect=_undefined_interrupt_source_isr
-list=DefaultBuild\Test24T_real.map
-nooptimize
-start=SU,SI,B_1,R_1,B_2,R_2,B,R/4,C_1,C_2,C,C$*,D*,W*,L,P*/FFFC0000,EXCEPTVECT/FFFFFF80,RESETVECT/FFFFFFFC
-rom=D=R,D_1=R_1,D_2=R_2
-nologo
-end

*** Error information ***

*** Mapping List ***

SECTION                            START      END         SIZE   ALIGN
SU
                                  00000004  00000403       400   4
SI
                                  00000404  00000603       200   4
B_1
                                  00000604  0000062f        2c   1
R_1
                                  00000630  000006b6        87   1
B_2
                                  000006b8  000006c1         a   2
R_2
                                  000006c2  000006c2         0   1
B
                                  000006c4  00000cd7       614   4
R
                                  00000cd8  0000156f       898   4
C_1
                                  fffc0000  fffc0000         0   1
C_2
                                  fffc0000  fffc0007         8   2
C
                                  fffc0008  fffc007f        78   4
C$DSEC
                                  fffc0080  fffc00a3        24   4
C$BSEC
                                  fffc00a4  fffc00bb        18   4
C$VECT
                                  fffc00bc  fffc04bb       400   4
D
                                  fffc04bc  fffc0d53       898   4
D_1
                                  fffc0d54  fffc0dda        87   1
D_2
                                  fffc0ddb  fffc0ddb         0   1
W
                                  fffc0ddc  fffc0ddc         0   4
W_1
                                  fffc0ddc  fffc0e0a        2f   1
W_2
                                  fffc0e0c  fffc0e0c         0   2
L
                                  fffc0e0c  fffc0e51        46   4
P
                                  fffc0e52  fffc37fc      29ab   1
EXCEPTVECT
                                  ffffff80  fffffffb        7c   4
RESETVECT
                                  fffffffc  ffffffff         4   4
